---
source: crates/oxc_linter/src/tester.rs
---
  ⚠ typescript-eslint(prefer-namespace-keyword): Use 'namespace' instead of 'module' to declare custom TypeScript modules.
   ╭─[prefer_namespace_keyword.tsx:1:1]
 1 │ module foo {}
   · ─────────────
   ╰────
  help: Replace `module` with `namespace`.

  ⚠ typescript-eslint(prefer-namespace-keyword): Use 'namespace' instead of 'module' to declare custom TypeScript modules.
   ╭─[prefer_namespace_keyword.tsx:1:1]
 1 │ module A.B {}
   · ─────────────
   ╰────
  help: Replace `module` with `namespace`.

  ⚠ typescript-eslint(prefer-namespace-keyword): Use 'namespace' instead of 'module' to declare custom TypeScript modules.
   ╭─[prefer_namespace_keyword.tsx:1:1]
 1 │ declare module foo {}
   · ─────────────────────
   ╰────
  help: Replace `module` with `namespace`.

  ⚠ typescript-eslint(prefer-namespace-keyword): Use 'namespace' instead of 'module' to declare custom TypeScript modules.
   ╭─[prefer_namespace_keyword.tsx:2:4]
 1 │     
 2 │ ╭─▶             declare module foo {
 3 │ │                 declare module bar {}
 4 │ ╰─▶             }
 5 │                       
   ╰────
  help: Replace `module` with `namespace`.

  ⚠ typescript-eslint(prefer-namespace-keyword): Use 'namespace' instead of 'module' to declare custom TypeScript modules.
   ╭─[prefer_namespace_keyword.tsx:3:6]
 2 │             declare module foo {
 3 │               declare module bar {}
   ·               ─────────────────────
 4 │             }
   ╰────
  help: Replace `module` with `namespace`.

  ⚠ typescript-eslint(prefer-namespace-keyword): Use 'namespace' instead of 'module' to declare custom TypeScript modules.
   ╭─[prefer_namespace_keyword.tsx:2:13]
 1 │ declare global {
 2 │             module foo {}
   ·             ─────────────
 3 │         }
   ╰────
  help: Replace `module` with `namespace`.
