---
source: crates/oxc_linter/src/tester.rs
---
  ⚠ eslint-plugin-react(no-will-update-set-state): Do not use `setState` in `componentWillUpdate`.
   ╭─[no_will_update_set_state.tsx:4:16]
 3 │                       componentWillUpdate: function() {
 4 │                         this.setState({
   ·                         ─────────────
 5 │                           data: data
   ╰────
  help: Updating state during the update step can lead to indeterminate component state and is not allowed.

  ⚠ eslint-plugin-react(no-will-update-set-state): Do not use `setState` in `componentWillUpdate`.
   ╭─[no_will_update_set_state.tsx:4:16]
 3 │                       componentWillUpdate() {
 4 │                         this.setState({
   ·                         ─────────────
 5 │                           data: data
   ╰────
  help: Updating state during the update step can lead to indeterminate component state and is not allowed.

  ⚠ eslint-plugin-react(no-will-update-set-state): Do not use `setState` in `componentWillUpdate`.
   ╭─[no_will_update_set_state.tsx:4:16]
 3 │                       componentWillUpdate: function() {
 4 │                         this.setState({
   ·                         ─────────────
 5 │                           data: data
   ╰────
  help: Updating state during the update step can lead to indeterminate component state and is not allowed.

  ⚠ eslint-plugin-react(no-will-update-set-state): Do not use `setState` in `componentWillUpdate`.
   ╭─[no_will_update_set_state.tsx:4:16]
 3 │                       componentWillUpdate() {
 4 │                         this.setState({
   ·                         ─────────────
 5 │                           data: data
   ╰────
  help: Updating state during the update step can lead to indeterminate component state and is not allowed.

  ⚠ eslint-plugin-react(no-will-update-set-state): Do not use `setState` in `componentWillUpdate`.
   ╭─[no_will_update_set_state.tsx:5:18]
 4 │                         someClass.onSomeEvent(function(data) {
 5 │                           this.setState({
   ·                           ─────────────
 6 │                             data: data
   ╰────
  help: Updating state during the update step can lead to indeterminate component state and is not allowed.

  ⚠ eslint-plugin-react(no-will-update-set-state): Do not use `setState` in `componentWillUpdate`.
   ╭─[no_will_update_set_state.tsx:5:18]
 4 │                         someClass.onSomeEvent(function(data) {
 5 │                           this.setState({
   ·                           ─────────────
 6 │                             data: data
   ╰────
  help: Updating state during the update step can lead to indeterminate component state and is not allowed.

  ⚠ eslint-plugin-react(no-will-update-set-state): Do not use `setState` in `componentWillUpdate`.
   ╭─[no_will_update_set_state.tsx:5:18]
 4 │                         if (true) {
 5 │                           this.setState({
   ·                           ─────────────
 6 │                             data: data
   ╰────
  help: Updating state during the update step can lead to indeterminate component state and is not allowed.

  ⚠ eslint-plugin-react(no-will-update-set-state): Do not use `setState` in `componentWillUpdate`.
   ╭─[no_will_update_set_state.tsx:5:18]
 4 │                         if (true) {
 5 │                           this.setState({
   ·                           ─────────────
 6 │                             data: data
   ╰────
  help: Updating state during the update step can lead to indeterminate component state and is not allowed.

  ⚠ eslint-plugin-react(no-will-update-set-state): Do not use `setState` in `componentWillUpdate`.
   ╭─[no_will_update_set_state.tsx:4:48]
 3 │                       componentWillUpdate: function() {
 4 │                         someClass.onSomeEvent((data) => this.setState({data: data}));
   ·                                                         ─────────────
 5 │                       }
   ╰────
  help: Updating state during the update step can lead to indeterminate component state and is not allowed.

  ⚠ eslint-plugin-react(no-will-update-set-state): Do not use `setState` in `componentWillUpdate`.
   ╭─[no_will_update_set_state.tsx:4:48]
 3 │                       componentWillUpdate() {
 4 │                         someClass.onSomeEvent((data) => this.setState({data: data}));
   ·                                                         ─────────────
 5 │                       }
   ╰────
  help: Updating state during the update step can lead to indeterminate component state and is not allowed.

  ⚠ eslint-plugin-react(no-will-update-set-state): Do not use `setState` in `componentWillUpdate`.
   ╭─[no_will_update_set_state.tsx:4:16]
 3 │                       UNSAFE_componentWillUpdate() {
 4 │                         this.setState({
   ·                         ─────────────
 5 │                           data: data
   ╰────
  help: Updating state during the update step can lead to indeterminate component state and is not allowed.

  ⚠ eslint-plugin-react(no-will-update-set-state): Do not use `setState` in `componentWillUpdate`.
   ╭─[no_will_update_set_state.tsx:4:16]
 3 │                       UNSAFE_componentWillUpdate: function() {
 4 │                         this.setState({
   ·                         ─────────────
 5 │                           data: data
   ╰────
  help: Updating state during the update step can lead to indeterminate component state and is not allowed.
