---
source: crates/oxc_linter/src/tester.rs
---

  ⚠ vitest(prefer-called-with): Suggest using `toBeCalledWith()` or `toHaveBeenCalledWith()`.
   ╭─[prefer_called_with.tsx:1:12]
 1 │ expect(fn).toBeCalled();
   ·            ──────────
   ╰────
  help: Prefer toBeCalledWith(/* expected args */)

  ⚠ vitest(prefer-called-with): Suggest using `toBeCalledWith()` or `toHaveBeenCalledWith()`.
   ╭─[prefer_called_with.tsx:1:21]
 1 │ expect(fn).resolves.toBeCalled();
   ·                     ──────────
   ╰────
  help: Prefer toBeCalledWith(/* expected args */)

  ⚠ vitest(prefer-called-with): Suggest using `toBeCalledWith()` or `toHaveBeenCalledWith()`.
   ╭─[prefer_called_with.tsx:1:12]
 1 │ expect(fn).toHaveBeenCalled();
   ·            ────────────────
   ╰────
  help: Prefer toHaveBeenCalledWith(/* expected args */)

  ⚠ vitest(prefer-called-with): Suggest using `toBeCalledWith()` or `toHaveBeenCalledWith()`.
   ╭─[prefer_called_with.tsx:1:12]
 1 │ expect(fn).toBeCalled();
   ·            ──────────
   ╰────
  help: Prefer toBeCalledWith(/* expected args */)

  ⚠ vitest(prefer-called-with): Suggest using `toBeCalledWith()` or `toHaveBeenCalledWith()`.
   ╭─[prefer_called_with.tsx:1:21]
 1 │ expect(fn).resolves.toBeCalled();
   ·                     ──────────
   ╰────
  help: Prefer toBeCalledWith(/* expected args */)

  ⚠ vitest(prefer-called-with): Suggest using `toBeCalledWith()` or `toHaveBeenCalledWith()`.
   ╭─[prefer_called_with.tsx:1:12]
 1 │ expect(fn).toHaveBeenCalled();
   ·            ────────────────
   ╰────
  help: Prefer toHaveBeenCalledWith(/* expected args */)
