---
source: crates/oxc_linter/src/tester.rs
---

  ⚠ eslint-plugin-vitest(consistent-vitest-vi): The vitest function accessor used is not allowed
   ╭─[consistent_vitest_vi.tsx:1:10]
 1 │ import { vitest } from "vitest";
   ·          ──────
   ╰────
  help: Prefer using `vi` instead of `vitest`.

  ⚠ eslint-plugin-vitest(consistent-vitest-vi): The vitest function accessor used is not allowed
   ╭─[consistent_vitest_vi.tsx:1:22]
 1 │ import { expect, vi, vitest } from "vitest";
   ·                      ──────
   ╰────
  help: Prefer using `vi` instead of `vitest`.

  ⚠ eslint-plugin-vitest(consistent-vitest-vi): The vitest function accessor used is not allowed
   ╭─[consistent_vitest_vi.tsx:1:10]
 1 │ import { vitest } from "vitest";
   ·          ──────
 2 │             vitest.stubEnv("NODE_ENV", "production");
   ╰────
  help: Prefer using `vi` instead of `vitest`.

  ⚠ eslint-plugin-vitest(consistent-vitest-vi): The vitest function accessor used is not allowed
   ╭─[consistent_vitest_vi.tsx:2:4]
 1 │ import { vitest } from "vitest";
 2 │             vitest.stubEnv("NODE_ENV", "production");
   ·             ──────
   ╰────
  help: Prefer using `vi` instead of `vitest`.

  ⚠ eslint-plugin-vitest(consistent-vitest-vi): The vitest function accessor used is not allowed
   ╭─[consistent_vitest_vi.tsx:1:1]
 1 │ vi.stubEnv("NODE_ENV", "production");
   · ──
 2 │             vi.clearAllMocks();
   ╰────
  help: Prefer using `vitest` instead of `vi`.

  ⚠ eslint-plugin-vitest(consistent-vitest-vi): The vitest function accessor used is not allowed
   ╭─[consistent_vitest_vi.tsx:2:4]
 1 │ vi.stubEnv("NODE_ENV", "production");
 2 │             vi.clearAllMocks();
   ·             ──
   ╰────
  help: Prefer using `vitest` instead of `vi`.
