---
source: crates/oxc_semantic/tests/main.rs
input_file: crates/oxc_semantic/tests/fixtures/typescript-eslint/destructuring/array-assignment.ts
---
[
  {
    "children": [],
    "flags": "ScopeFlags(StrictMode | Top)",
    "id": 0,
    "node": "Program",
    "symbols": [
      {
        "flags": "SymbolFlags(BlockScopedVariable | ConstVariable)",
        "id": 0,
        "name": "obj",
        "node": "VariableDeclarator(obj)",
        "references": [
          {
            "flags": "ReferenceFlags(Read)",
            "id": 0,
            "name": "obj",
            "node_id": 18
          }
        ]
      },
      {
        "flags": "SymbolFlags(BlockScopedVariable)",
        "id": 1,
        "name": "b",
        "node": "VariableDeclarator(b)",
        "references": [
          {
            "flags": "ReferenceFlags(Write)",
            "id": 1,
            "name": "b",
            "node_id": 22
          }
        ]
      },
      {
        "flags": "SymbolFlags(BlockScopedVariable)",
        "id": 2,
        "name": "c",
        "node": "VariableDeclarator(c)",
        "references": [
          {
            "flags": "ReferenceFlags(Write)",
            "id": 2,
            "name": "c",
            "node_id": 28
          }
        ]
      }
    ]
  }
]
