---
source: crates/oxc_formatter_json/tests/fixtures/mod.rs
---
==================== Input ====================
// oxfmt-ignore
[1,2,3]

==================== Output ====================
------------------
{ printWidth: 80 }
------------------
// oxfmt-ignore
[1,2,3]

-------------------
{ printWidth: 100 }
-------------------
// oxfmt-ignore
[1,2,3]

===================== End =====================
