---
source: crates/oxc_linter/src/tester.rs
---

  ⚠ unicorn(no-unnecessary-await): Unexpected `await` on a non-Promise value
   ╭─[no_unnecessary_await.mjs:1:1]
 1 │ await []
   · ─────
   ╰────
  help: Consider removing the `await`

  ⚠ unicorn(no-unnecessary-await): Unexpected `await` on a non-Promise value
   ╭─[no_unnecessary_await.mjs:1:1]
 1 │ await [Promise.resolve()]
   · ─────
   ╰────
  help: Consider removing the `await`

  ⚠ unicorn(no-unnecessary-await): Unexpected `await` on a non-Promise value
   ╭─[no_unnecessary_await.mjs:1:1]
 1 │ await (() => {})
   · ─────
   ╰────
  help: Consider removing the `await`

  ⚠ unicorn(no-unnecessary-await): Unexpected `await` on a non-Promise value
   ╭─[no_unnecessary_await.mjs:1:1]
 1 │ await (() => Promise.resolve())
   · ─────
   ╰────
  help: Consider removing the `await`

  ⚠ unicorn(no-unnecessary-await): Unexpected `await` on a non-Promise value
   ╭─[no_unnecessary_await.mjs:1:1]
 1 │ await (a === b)
   · ─────
   ╰────
  help: Consider removing the `await`

  ⚠ unicorn(no-unnecessary-await): Unexpected `await` on a non-Promise value
   ╭─[no_unnecessary_await.mjs:1:1]
 1 │ await (a instanceof Promise)
   · ─────
   ╰────
  help: Consider removing the `await`

  ⚠ unicorn(no-unnecessary-await): Unexpected `await` on a non-Promise value
   ╭─[no_unnecessary_await.mjs:1:1]
 1 │ await (a > b)
   · ─────
   ╰────
  help: Consider removing the `await`

  ⚠ unicorn(no-unnecessary-await): Unexpected `await` on a non-Promise value
   ╭─[no_unnecessary_await.mjs:1:1]
 1 │ await class {}
   · ─────
   ╰────
  help: Consider removing the `await`

  ⚠ unicorn(no-unnecessary-await): Unexpected `await` on a non-Promise value
   ╭─[no_unnecessary_await.mjs:1:1]
 1 │ await class extends Promise {}
   · ─────
   ╰────
  help: Consider removing the `await`

  ⚠ unicorn(no-unnecessary-await): Unexpected `await` on a non-Promise value
   ╭─[no_unnecessary_await.mjs:1:1]
 1 │ await function() {}
   · ─────
   ╰────
  help: Consider removing the `await`

  ⚠ unicorn(no-unnecessary-await): Unexpected `await` on a non-Promise value
   ╭─[no_unnecessary_await.mjs:1:1]
 1 │ await function name() {}
   · ─────
   ╰────
  help: Consider removing the `await`

  ⚠ unicorn(no-unnecessary-await): Unexpected `await` on a non-Promise value
   ╭─[no_unnecessary_await.mjs:1:1]
 1 │ await function() { return Promise.resolve() }
   · ─────
   ╰────
  help: Consider removing the `await`

  ⚠ unicorn(no-unnecessary-await): Unexpected `await` on a non-Promise value
   ╭─[no_unnecessary_await.mjs:1:1]
 1 │ await (<></>)
   · ─────
   ╰────
  help: Consider removing the `await`

  ⚠ unicorn(no-unnecessary-await): Unexpected `await` on a non-Promise value
   ╭─[no_unnecessary_await.mjs:1:1]
 1 │ await (<a></a>)
   · ─────
   ╰────
  help: Consider removing the `await`

  ⚠ unicorn(no-unnecessary-await): Unexpected `await` on a non-Promise value
   ╭─[no_unnecessary_await.mjs:1:1]
 1 │ await 0
   · ─────
   ╰────
  help: Consider removing the `await`

  ⚠ unicorn(no-unnecessary-await): Unexpected `await` on a non-Promise value
   ╭─[no_unnecessary_await.mjs:1:1]
 1 │ await 1
   · ─────
   ╰────
  help: Consider removing the `await`

  ⚠ unicorn(no-unnecessary-await): Unexpected `await` on a non-Promise value
   ╭─[no_unnecessary_await.mjs:1:1]
 1 │ await ""
   · ─────
   ╰────
  help: Consider removing the `await`

  ⚠ unicorn(no-unnecessary-await): Unexpected `await` on a non-Promise value
   ╭─[no_unnecessary_await.mjs:1:1]
 1 │ await "string"
   · ─────
   ╰────
  help: Consider removing the `await`

  ⚠ unicorn(no-unnecessary-await): Unexpected `await` on a non-Promise value
   ╭─[no_unnecessary_await.mjs:1:1]
 1 │ await true
   · ─────
   ╰────
  help: Consider removing the `await`

  ⚠ unicorn(no-unnecessary-await): Unexpected `await` on a non-Promise value
   ╭─[no_unnecessary_await.mjs:1:1]
 1 │ await false
   · ─────
   ╰────
  help: Consider removing the `await`

  ⚠ unicorn(no-unnecessary-await): Unexpected `await` on a non-Promise value
   ╭─[no_unnecessary_await.mjs:1:1]
 1 │ await null
   · ─────
   ╰────
  help: Consider removing the `await`

  ⚠ unicorn(no-unnecessary-await): Unexpected `await` on a non-Promise value
   ╭─[no_unnecessary_await.mjs:1:1]
 1 │ await 0n
   · ─────
   ╰────
  help: Consider removing the `await`

  ⚠ unicorn(no-unnecessary-await): Unexpected `await` on a non-Promise value
   ╭─[no_unnecessary_await.mjs:1:1]
 1 │ await 1n
   · ─────
   ╰────
  help: Consider removing the `await`

  ⚠ unicorn(no-unnecessary-await): Unexpected `await` on a non-Promise value
   ╭─[no_unnecessary_await.mjs:1:1]
 1 │ await `${Promise.resolve()}`
   · ─────
   ╰────
  help: Consider removing the `await`

  ⚠ unicorn(no-unnecessary-await): Unexpected `await` on a non-Promise value
   ╭─[no_unnecessary_await.mjs:1:1]
 1 │ await !Promise.resolve()
   · ─────
   ╰────
  help: Consider removing the `await`

  ⚠ unicorn(no-unnecessary-await): Unexpected `await` on a non-Promise value
   ╭─[no_unnecessary_await.mjs:1:1]
 1 │ await void Promise.resolve()
   · ─────
   ╰────
  help: Consider removing the `await`

  ⚠ unicorn(no-unnecessary-await): Unexpected `await` on a non-Promise value
   ╭─[no_unnecessary_await.mjs:1:1]
 1 │ await +Promise.resolve()
   · ─────
   ╰────
  help: Consider removing the `await`

  ⚠ unicorn(no-unnecessary-await): Unexpected `await` on a non-Promise value
   ╭─[no_unnecessary_await.mjs:1:1]
 1 │ await ~1
   · ─────
   ╰────
  help: Consider removing the `await`

  ⚠ unicorn(no-unnecessary-await): Unexpected `await` on a non-Promise value
   ╭─[no_unnecessary_await.mjs:1:1]
 1 │ await ++foo
   · ─────
   ╰────
  help: Consider removing the `await`

  ⚠ unicorn(no-unnecessary-await): Unexpected `await` on a non-Promise value
   ╭─[no_unnecessary_await.mjs:1:1]
 1 │ await foo--
   · ─────
   ╰────
  help: Consider removing the `await`

  ⚠ unicorn(no-unnecessary-await): Unexpected `await` on a non-Promise value
   ╭─[no_unnecessary_await.mjs:1:1]
 1 │ await (Promise.resolve(), 1)
   · ─────
   ╰────
  help: Consider removing the `await`

  ⚠ unicorn(no-unnecessary-await): Unexpected `await` on a non-Promise value
   ╭─[no_unnecessary_await.mjs:1:24]
 1 │ async function foo() {+await +1}
   ·                        ─────
   ╰────
  help: Consider removing the `await`

  ⚠ unicorn(no-unnecessary-await): Unexpected `await` on a non-Promise value
   ╭─[no_unnecessary_await.mjs:1:24]
 1 │ async function foo() {-await-1}
   ·                        ─────
   ╰────
  help: Consider removing the `await`

  ⚠ unicorn(no-unnecessary-await): Unexpected `await` on a non-Promise value
   ╭─[no_unnecessary_await.mjs:1:24]
 1 │ async function foo() {+await -1}
   ·                        ─────
   ╰────
  help: Consider removing the `await`

  ⚠ unicorn(no-unnecessary-await): Unexpected `await` on a non-Promise value
   ╭─[no_unnecessary_await.mjs:1:1]
 1 │ await await this.assertTotalDocumentCount(expectedFormattedTotalDocCount);
   · ─────
   ╰────
  help: Consider removing the `await`
