---
source: tasks/website_formatter/src/cli.rs
expression: snapshot
---
Usage: [-c=PATH] [PATH]...

Mode Options:
        --init               Initialize `.oxfmtrc.jsonc` with default values
        --lsp                Start language server protocol (LSP) server

Output Options:
        --write              Format and write files in place (default)
        --check              Check if files are formatted, also show statistics
        --list-different     List files that would be changed

Config Options
    -c, --config=PATH        Path to the configuration file

Ignore Options
        --ignore-path=PATH   Path to ignore file(s). Can be specified multiple times. If not
                             specified, .gitignore and .prettierignore in the current directory are
                             used.
        --with-node-modules  Format code in node_modules directory (skipped by default)

Runtime Options
        --no-error-on-unmatched-pattern  Do not exit with error when pattern is unmatched
        --threads=INT        Number of threads to use. Set to 1 for using only 1 CPU core.

Available positional items:
    PATH                     Single file, single path or list of paths. If not provided, current
                             working directory is used. Glob is supported only for exclude patterns
                             like `'!**/fixtures/*.js'`.

Available options:
    -h, --help               Prints help information
    -V, --version            Prints version information
