prettier_misc Summary:
AST Parsed     : 16/16 (100.00%)
Positive Passed: 9/16 (56.25%)
Expect to Parse: "pass/oxc-1740.tsx"
Expect to Parse: "pass/oxc-2087.ts"
Expect to Parse: "pass/oxc-2394.ts"
Expect to Parse: "pass/oxc-2674.tsx"
Expect to Parse: "pass/oxc-2723.jsx"
Expect to Parse: "pass/swc-1627.js"
Expect to Parse: "pass/swc-8243.tsx"
