---
source: apps/oxlint/src/tester.rs
---
########## 
arguments: overrides
working directory: fixtures/extends_config
----------

  x ]8;;https://oxc.rs/docs/guide/usage/linter/rules/typescript/no-explicit-any.html\typescript-eslint(no-explicit-any)]8;;\: Unexpected any. Specify a different type.
   ,-[overrides/test.ts:1:10]
 1 | const x: any = 3;
   :          ^^^
   `----
  help: Use `unknown` instead, this will force you to explicitly, and safely, assert the type is correct.

  x ]8;;https://oxc.rs/docs/guide/usage/linter/rules/typescript/no-explicit-any.html\typescript-eslint(no-explicit-any)]8;;\: Unexpected any. Specify a different type.
   ,-[overrides/test.tsx:1:23]
 1 | function component(): any {
   :                       ^^^
 2 |   return <a>click here</a>;
   `----
  help: Use `unknown` instead, this will force you to explicitly, and safely, assert the type is correct.

  x ]8;;https://oxc.rs/docs/guide/usage/linter/rules/jsx_a11y/anchor-ambiguous-text.html\eslint-plugin-jsx-a11y(anchor-ambiguous-text)]8;;\: Ambiguous text within anchor, screen reader users rely on link text for context.
   ,-[overrides/test.tsx:2:10]
 1 | function component(): any {
 2 |   return <a>click here</a>;
   :          ^^^^^^^^^^^^^^^^^
 3 | }
   `----
  help: Avoid using ambiguous text like "click here", replace it with more descriptive text that provides context.

  ! ]8;;https://oxc.rs/docs/guide/usage/linter/rules/jsx_a11y/anchor-is-valid.html\eslint-plugin-jsx-a11y(anchor-is-valid)]8;;\: Missing `href` attribute for the `a` element.
   ,-[overrides/test.tsx:2:11]
 1 | function component(): any {
 2 |   return <a>click here</a>;
   :           ^
 3 | }
   `----
  help: Provide an `href` for the `a` element.

Found 1 warning and 3 errors.
Finished in <variable>ms on 2 files using 1 threads.
----------
CLI result: LintFoundErrors
----------
