---
source: apps/oxlint/src/tester.rs
---
########## 
arguments: --format=stylish --report-unused-disable-directives disable-directive.js
working directory: fixtures/cli/output_formatter_diagnostic
----------

disable-directive.js
  9:1   warning  Unused eslint-disable directive (no problems were reported).  
  12:1  warning  Unused oxlint-disable directive (no problems were reported).  
  15:1  warning  Unused oxlint-disable directive (no problems were reported).  

✖ 3 problems (0 errors, 3 warnings)
----------
CLI result: LintSucceeded
----------
