---
source: crates/oxc_semantic/tests/integration/cfg.rs
expression: output.cfg_dot_diagram()
input_file: crates/oxc_semantic/tests/integration/cfg_fixtures/break_from_a_label_in_global_scope.js
---
digraph {
    0 [ label = "LabeledStatement" ]
    1 [ label = "unreachable\nbreak <A>" ]
    0 -> 1 [ label = Unreachable , style = "dotted" ]
    0 -> 1 [ label = Normal ]
}
