---
source: crates/oxc_react_compiler/tests/snapshot.rs
input_file: crates/oxc_react_compiler/fixtures/error._todo.computed-lval-in-destructure.js
---
Diagnostics:

OxcDiagnostic { inner: OxcDiagnosticInner { message: "[InferMutationAliasingEffects] Expected value kind to be initialized", labels: [LabeledSpan { label: Some("this is uninitialized"), span: Span { start: 111, end: 112 }, primary: true }], help: Some("<unknown> x$8"), note: Some("This is an internal React Compiler error; the component or hook was not optimized"), severity: Error, code: OxcCode { scope: Some("react-compiler"), number: Some("Invariant") }, url: Some("https://github.com/oxc-project/oxc/issues/new/choose") } }

No changes.
