---
source: crates/oxc_react_compiler/tests/fixtures.rs
expression: snapshot
---
Error fixture conformance: 280/284 (98.6%)
Flow files skipped: 17
Known-better-than-TS skipped: 22

Failure breakdown:
  unexpected_success: 4
  parse_error:        0

Failed fixtures (compiler did not reject):
  [unexpected_success] error.nested-component-in-normal-function.js
  [unexpected_success] infer-effect-dependencies/bailout-retry/error.non-inlined-effect-fn.js
  [unexpected_success] infer-effect-dependencies/error.wrong-index-no-func.js
  [unexpected_success] infer-effect-dependencies/error.wrong-index.js
