File                       | File size      || Sys allocs     | Sys reallocs   || Arena allocs   | Arena reallocs 
---------------------------------------------------------------------------------------------------------------------------
checker.ts                 | 2.92 MB        ||             56 |             18 ||              0 |              0

App.tsx                    | 415.34 kB      ||             38 |             18 ||              0 |              0

RadixUIAdoptionSection.jsx | 2.52 kB        ||             13 |              1 ||              0 |              0

pdf.mjs                    | 567.30 kB      ||           1358 |            209 ||              0 |              0

antd.js                    | 6.69 MB        ||           1075 |             15 ||              0 |              0

binder.ts                  | 193.08 kB      ||             22 |             11 ||              0 |              0

kitchen-sink.tsx           | 732.90 kB      ||            293 |            178 ||              0 |              0

