File                       | File size      || Sys allocs     | Sys reallocs   || Arena allocs   | Arena reallocs 
---------------------------------------------------------------------------------------------------------------------------
checker.ts                 | 2.92 MB        ||            162 |              5 ||         152742 |          28244

App.tsx                    | 415.34 kB      ||            115 |              8 ||          17012 |           2702

RadixUIAdoptionSection.jsx | 2.52 kB        ||             24 |              0 ||             32 |              6

pdf.mjs                    | 567.30 kB      ||           2613 |            205 ||          47485 |           7740

antd.js                    | 6.69 MB        ||           3084 |             56 ||         337233 |          69333

binder.ts                  | 193.08 kB      ||             41 |              1 ||           7083 |            824

kitchen-sink.tsx           | 732.90 kB      ||           2640 |            174 ||          90554 |          15823

