---
source: crates/oxc_semantic/tests/typescript-eslint/main.rs
input_file: crates/oxc_semantic/tests/typescript-eslint/fixtures/class/declaration/static-external-ref.ts
---
[
  {
    "children": [
      {
        "flag": "ScopeFlags(StrictMode | Function)",
        "id": 1,
        "symbols": []
      },
      {
        "flag": "ScopeFlags(StrictMode | ClassStaticBlock)",
        "id": 2,
        "symbols": []
      }
    ],
    "flag": "ScopeFlags(StrictMode | Top)",
    "id": 0,
    "symbols": [
      {
        "flag": "SymbolFlags(BlockScopedVariable | Function)",
        "id": 0,
        "name": "f",
        "references": [
          {
            "flag": "ReferenceFlag(Read)",
            "name": "f"
          }
        ]
      },
      {
        "flag": "SymbolFlags(Class)",
        "id": 1,
        "name": "A",
        "references": []
      }
    ]
  }
]
