commit: 8160fe08

estree_test262 Summary:
AST Parsed     : 44425/44425 (100.00%)
Positive Passed: 44400/44425 (99.94%)
Mismatch: tasks/coverage/test262/test/built-ins/Temporal/Duration/prototype/round/relativeto-propertybag-calendar-wrong-type.js

Mismatch: tasks/coverage/test262/test/built-ins/Temporal/Duration/prototype/round/relativeto-propertybag-invalid-offset-string.js

Mismatch: tasks/coverage/test262/test/built-ins/Temporal/Duration/prototype/round/relativeto-wrong-type.js

Mismatch: tasks/coverage/test262/test/built-ins/Temporal/Duration/prototype/total/relativeto-wrong-type.js

Mismatch: tasks/coverage/test262/test/built-ins/Temporal/PlainDate/prototype/since/argument-propertybag-calendar-wrong-type.js

Mismatch: tasks/coverage/test262/test/built-ins/Temporal/PlainDateTime/prototype/since/argument-propertybag-calendar-wrong-type.js

Mismatch: tasks/coverage/test262/test/built-ins/Temporal/PlainDateTime/prototype/withCalendar/calendar-wrong-type.js

Mismatch: tasks/coverage/test262/test/built-ins/Temporal/PlainMonthDay/prototype/equals/argument-propertybag-calendar-wrong-type.js

Mismatch: tasks/coverage/test262/test/built-ins/Temporal/PlainYearMonth/prototype/equals/argument-propertybag-calendar-wrong-type.js

Mismatch: tasks/coverage/test262/test/built-ins/Temporal/PlainYearMonth/prototype/since/argument-propertybag-calendar-wrong-type.js

Mismatch: tasks/coverage/test262/test/built-ins/Temporal/PlainYearMonth/prototype/until/argument-propertybag-calendar-wrong-type.js

Mismatch: tasks/coverage/test262/test/built-ins/Temporal/ZonedDateTime/prototype/equals/argument-propertybag-calendar-wrong-type.js

Mismatch: tasks/coverage/test262/test/built-ins/Temporal/ZonedDateTime/prototype/since/argument-propertybag-calendar-wrong-type.js

Mismatch: tasks/coverage/test262/test/built-ins/Temporal/ZonedDateTime/prototype/until/argument-propertybag-calendar-wrong-type.js

Mismatch: tasks/coverage/test262/test/built-ins/Temporal/ZonedDateTime/prototype/withCalendar/calendar-wrong-type.js

Mismatch: tasks/coverage/test262/test/built-ins/ThrowTypeError/distinct-cross-realm.js

Mismatch: tasks/coverage/test262/test/language/expressions/assignment/fn-name-lhs-cover.js

Mismatch: tasks/coverage/test262/test/language/expressions/assignment/target-cover-id.js

Mismatch: tasks/coverage/test262/test/language/expressions/postfix-decrement/target-cover-id.js

Mismatch: tasks/coverage/test262/test/language/expressions/postfix-increment/target-cover-id.js

Mismatch: tasks/coverage/test262/test/language/expressions/prefix-decrement/target-cover-id.js

Mismatch: tasks/coverage/test262/test/language/expressions/prefix-increment/target-cover-id.js

Mismatch: tasks/coverage/test262/test/language/statements/for-in/head-lhs-cover.js

Mismatch: tasks/coverage/test262/test/language/statements/for-of/head-lhs-async-parens.js

Mismatch: tasks/coverage/test262/test/language/statements/for-of/head-lhs-cover.js

