commit: 0e32aa19

estree_typescript Summary:
AST Parsed     : 9850/9851 (99.99%)
Positive Passed: 9823/9851 (99.72%)
Mismatch: tasks/coverage/typescript/tsc/testdata/tests/cases/compiler/braceEscapedSurrogatePairLiteralType.ts

Mismatch: tasks/coverage/typescript/tsc/testdata/tests/cases/compiler/doNotEmitTripleSlashCommentsInEmptyFile.ts

Mismatch: tasks/coverage/typescript/tsc/testdata/tests/cases/compiler/doNotemitTripleSlashComments.ts

Mismatch: tasks/coverage/typescript/tsc/testdata/tests/cases/compiler/extendedUnicodeEscapeSequenceIdentifiers.ts

Mismatch: tasks/coverage/typescript/tsc/testdata/tests/cases/compiler/jsDeclarationEmitDoesNotReuseUnrelatedJSDocImport.ts

Panicked: tasks/coverage/typescript/tsc/testdata/tests/cases/compiler/jsdocThisTagWithThisParameter.ts
Identifier expected. 'this' is a reserved word that cannot be used here.
Mismatch: tasks/coverage/typescript/tsc/testdata/tests/cases/compiler/jsxEntityDecoderAfterNonEntityAmpersand.tsx

Mismatch: tasks/coverage/typescript/tsc/testdata/tests/cases/compiler/jsxHexEntityUppercaseMarker.tsx

Mismatch: tasks/coverage/typescript/tsc/testdata/tests/cases/compiler/jsxNumericEntityLoneSurrogate.tsx

Mismatch: tasks/coverage/typescript/tsc/testdata/tests/cases/compiler/moduleDetectionIsolatedModulesCjsFileScope.ts

Mismatch: tasks/coverage/typescript/tsc/testdata/tests/cases/compiler/moduleNodeImportRequireEmit.ts

Mismatch: tasks/coverage/typescript/tsc/testdata/tests/cases/compiler/sideEffectImports2.ts

Mismatch: tasks/coverage/typescript/tsc/testdata/tests/cases/compiler/taggedTemplateNestedInvalidEscape.ts

Mismatch: tasks/coverage/typescript/tsc/testdata/tests/cases/compiler/tripleSlashTypesReferenceWithMissingExports.ts

Mismatch: tasks/coverage/typescript/tsc/testdata/tests/cases/compiler/unicodeEscapesInNames01.ts

Mismatch: tasks/coverage/typescript/tsc/testdata/tests/cases/compiler/unicodeEscapesInNames03.ts

Mismatch: tasks/coverage/typescript/tsc/testdata/tests/cases/conformance/externalModules/moduleResolutionWithoutExtension7.ts

Mismatch: tasks/coverage/typescript/tsc/testdata/tests/cases/conformance/externalModules/moduleResolutionWithoutExtension8.ts

Mismatch: tasks/coverage/typescript/tsc/testdata/tests/cases/conformance/externalModules/rewriteRelativeImportExtensions/cjsErrors.ts

Mismatch: tasks/coverage/typescript/tsc/testdata/tests/cases/conformance/externalModules/rewriteRelativeImportExtensions/emitModuleCommonJS.ts

Mismatch: tasks/coverage/typescript/tsc/testdata/tests/cases/conformance/jsx/jsxReactTestSuite.tsx

Mismatch: tasks/coverage/typescript/tsc/testdata/tests/cases/conformance/jsx/tsxReactEmitEntities.tsx

Mismatch: tasks/coverage/typescript/tsc/testdata/tests/cases/conformance/jsx/tsxReactEmitNesting.tsx

Mismatch: tasks/coverage/typescript/tsc/testdata/tests/cases/conformance/node/allowJs/nodeModulesAllowJsCjsFromJs.ts

Mismatch: tasks/coverage/typescript/tsc/testdata/tests/cases/conformance/node/esmModuleExports1.ts

Mismatch: tasks/coverage/typescript/tsc/testdata/tests/cases/conformance/node/esmModuleExports2.ts

Mismatch: tasks/coverage/typescript/tsc/testdata/tests/cases/conformance/node/esmModuleExports3.ts

Mismatch: tasks/coverage/typescript/tsc/testdata/tests/cases/conformance/nonjsExtensions/declarationFilesForNodeNativeModules.ts

