commit: 15392346

estree_typescript Summary:
AST Parsed     : 6481/6482 (99.98%)
Positive Passed: 6470/6482 (99.81%)
Mismatch: tasks/coverage/typescript/tests/cases/compiler/controlFlowInstanceofWithSymbolHasInstance.ts

Mismatch: tasks/coverage/typescript/tests/cases/compiler/narrowingUnionToUnion.ts

Mismatch: tasks/coverage/typescript/tests/cases/conformance/es6/templates/templateStringMultiline3.ts

Mismatch: tasks/coverage/typescript/tests/cases/conformance/expressions/binaryOperators/instanceofOperator/instanceofOperatorWithRHSHasSymbolHasInstance.ts

Mismatch: tasks/coverage/typescript/tests/cases/conformance/expressions/typeGuards/typeGuardNarrowsPrimitiveIntersection.ts

Mismatch: tasks/coverage/typescript/tests/cases/conformance/expressions/typeGuards/typeGuardNarrowsToLiteralTypeUnion.ts

Expect to Parse: tasks/coverage/typescript/tests/cases/conformance/jsx/jsxReactTestSuite.tsx
JSX expressions may not use the comma operator

Mismatch: tasks/coverage/typescript/tests/cases/conformance/jsx/tsxReactEmitEntities.tsx

Mismatch: tasks/coverage/typescript/tests/cases/conformance/jsx/tsxReactEmitNesting.tsx

Mismatch: tasks/coverage/typescript/tests/cases/conformance/moduleResolution/resolutionModeImportType1.ts

Mismatch: tasks/coverage/typescript/tests/cases/conformance/node/nodeModulesImportTypeModeDeclarationEmit1.ts

Mismatch: tasks/coverage/typescript/tests/cases/conformance/types/stringLiteral/stringLiteralTypesAsTags02.ts

