commit: c0cf5277

estree_test262 Summary:
AST Parsed     : 46189/46189 (100.00%)
Positive Passed: 46176/46189 (99.97%)
Mismatch: tasks/coverage/test262/test/intl402/Temporal/PlainDate/prototype/daysInYear/basic-chinese.js

Mismatch: tasks/coverage/test262/test/intl402/Temporal/PlainDateTime/prototype/daysInYear/basic-chinese.js

Mismatch: tasks/coverage/test262/test/intl402/Temporal/PlainYearMonth/prototype/daysInYear/basic-chinese.js

Mismatch: tasks/coverage/test262/test/intl402/Temporal/ZonedDateTime/prototype/daysInYear/basic-chinese.js

Mismatch: tasks/coverage/test262/test/language/expressions/assignment/fn-name-lhs-cover.js

Mismatch: tasks/coverage/test262/test/language/expressions/assignment/target-cover-id.js

Mismatch: tasks/coverage/test262/test/language/expressions/postfix-decrement/target-cover-id.js

Mismatch: tasks/coverage/test262/test/language/expressions/postfix-increment/target-cover-id.js

Mismatch: tasks/coverage/test262/test/language/expressions/prefix-decrement/target-cover-id.js

Mismatch: tasks/coverage/test262/test/language/expressions/prefix-increment/target-cover-id.js

Mismatch: tasks/coverage/test262/test/language/statements/for-in/head-lhs-cover.js

Mismatch: tasks/coverage/test262/test/language/statements/for-of/head-lhs-async-parens.js

Mismatch: tasks/coverage/test262/test/language/statements/for-of/head-lhs-cover.js

