commit: 8ea03f88

formatter_typescript Summary:
AST Parsed     : 8827/8827 (100.00%)
Positive Passed: 8818/8827 (99.90%)
Mismatch: tasks/coverage/typescript/tests/cases/compiler/amdLikeInputDeclarationEmit.ts

Expect to Parse: tasks/coverage/typescript/tests/cases/compiler/arrayFromAsync.ts
`await` is only allowed within async functions and at the top levels of modules`await` is only allowed within async functions and at the top levels of modules`await` is only allowed within async functions and at the top levels of modules`await` is only allowed within async functions and at the top levels of modules`await` is only allowed within async functions and at the top levels of modules`await` is only allowed within async functions and at the top levels of modules`await` is only allowed within async functions and at the top levels of modules`await` is only allowed within async functions and at the top levels of modules`await` is only allowed within async functions and at the top levels of modules`await` is only allowed within async functions and at the top levels of modules`await` is only allowed within async functions and at the top levels of modules
Expect to Parse: tasks/coverage/typescript/tests/cases/compiler/genericTypeAssertions3.ts
Unexpected token
Expect to Parse: tasks/coverage/typescript/tests/cases/compiler/sourceMapValidationDecorators.ts
Unexpected token
Expect to Parse: tasks/coverage/typescript/tests/cases/conformance/classes/propertyMemberDeclarations/staticPropertyNameConflicts.ts
Classes may not have a static property named 'prototype'Classes may not have a static property named 'prototype'Classes may not have a static property named 'prototype'Classes may not have a static property named 'prototype'Classes may not have a static property named 'prototype'Classes may not have a static property named 'prototype'
Expect to Parse: tasks/coverage/typescript/tests/cases/conformance/es2019/importMeta/importMeta.ts
The only valid meta property for import is import.meta
Expect to Parse: tasks/coverage/typescript/tests/cases/conformance/expressions/elementAccess/letIdentifierInElementAccess01.ts
Unexpected token
Mismatch: tasks/coverage/typescript/tests/cases/conformance/generators/yieldStatementNoAsiAfterTransform.ts

Mismatch: tasks/coverage/typescript/tests/cases/conformance/statements/returnStatements/returnStatementNoAsiAfterTransform.ts

