commit: de8e621c

semantic_test262 Summary:
AST Parsed     : 47240/47240 (100.00%)
Positive Passed: 47225/47240 (99.97%)
semantic Error: tasks/coverage/test262/test/language/expressions/class/elements/static-field-init-with-this.js
Scope flags mismatch:
after transform: ScopeId(1): ScopeFlags(StrictMode | DirectEval)
rebuilt        : ScopeId(1): ScopeFlags(StrictMode)

semantic Error: tasks/coverage/test262/test/language/module-code/top-level-await/syntax/for-await-await-expr-func-expression.js
Scope parent mismatch:
after transform: ScopeId(2): Some(ScopeId(1))
rebuilt        : ScopeId(3): Some(ScopeId(2))
Scope parent mismatch:
after transform: ScopeId(6): Some(ScopeId(5))
rebuilt        : ScopeId(16): Some(ScopeId(15))
Scope parent mismatch:
after transform: ScopeId(10): Some(ScopeId(9))
rebuilt        : ScopeId(29): Some(ScopeId(28))

semantic Error: tasks/coverage/test262/test/language/module-code/top-level-await/syntax/for-await-await-expr-new-expr.js
Scope parent mismatch:
after transform: ScopeId(2): Some(ScopeId(1))
rebuilt        : ScopeId(3): Some(ScopeId(2))
Scope parent mismatch:
after transform: ScopeId(6): Some(ScopeId(5))
rebuilt        : ScopeId(16): Some(ScopeId(15))
Scope parent mismatch:
after transform: ScopeId(10): Some(ScopeId(9))
rebuilt        : ScopeId(29): Some(ScopeId(28))

semantic Error: tasks/coverage/test262/test/language/module-code/top-level-await/syntax/for-await-await-expr-obj-literal.js
Scope parent mismatch:
after transform: ScopeId(2): Some(ScopeId(1))
rebuilt        : ScopeId(3): Some(ScopeId(2))
Scope parent mismatch:
after transform: ScopeId(6): Some(ScopeId(5))
rebuilt        : ScopeId(16): Some(ScopeId(15))
Scope parent mismatch:
after transform: ScopeId(10): Some(ScopeId(9))
rebuilt        : ScopeId(29): Some(ScopeId(28))

semantic Error: tasks/coverage/test262/test/language/statements/class/elements/static-field-init-with-this.js
Scope flags mismatch:
after transform: ScopeId(1): ScopeFlags(StrictMode | DirectEval)
rebuilt        : ScopeId(1): ScopeFlags(StrictMode)

semantic Error: tasks/coverage/test262/test/language/statements/for-await-of/async-func-decl-dstr-obj-rest-getter.js
Scope parent mismatch:
after transform: ScopeId(3): Some(ScopeId(2))
rebuilt        : ScopeId(6): Some(ScopeId(5))

semantic Error: tasks/coverage/test262/test/language/statements/for-await-of/async-func-dstr-const-obj-ptrn-rest-getter.js
Scope parent mismatch:
after transform: ScopeId(3): Some(ScopeId(2))
rebuilt        : ScopeId(6): Some(ScopeId(5))

semantic Error: tasks/coverage/test262/test/language/statements/for-await-of/async-func-dstr-let-obj-ptrn-rest-getter.js
Scope parent mismatch:
after transform: ScopeId(3): Some(ScopeId(2))
rebuilt        : ScopeId(6): Some(ScopeId(5))

semantic Error: tasks/coverage/test262/test/language/statements/for-await-of/async-func-dstr-var-obj-ptrn-rest-getter.js
Scope parent mismatch:
after transform: ScopeId(3): Some(ScopeId(2))
rebuilt        : ScopeId(6): Some(ScopeId(5))

semantic Error: tasks/coverage/test262/test/language/statements/for-await-of/async-gen-decl-dstr-obj-rest-getter.js
Scope parent mismatch:
after transform: ScopeId(3): Some(ScopeId(2))
rebuilt        : ScopeId(6): Some(ScopeId(5))

semantic Error: tasks/coverage/test262/test/language/statements/for-await-of/async-gen-dstr-const-obj-ptrn-rest-getter.js
Scope parent mismatch:
after transform: ScopeId(3): Some(ScopeId(2))
rebuilt        : ScopeId(6): Some(ScopeId(5))

semantic Error: tasks/coverage/test262/test/language/statements/for-await-of/async-gen-dstr-let-obj-ptrn-rest-getter.js
Scope parent mismatch:
after transform: ScopeId(3): Some(ScopeId(2))
rebuilt        : ScopeId(6): Some(ScopeId(5))

semantic Error: tasks/coverage/test262/test/language/statements/for-await-of/async-gen-dstr-var-obj-ptrn-rest-getter.js
Scope parent mismatch:
after transform: ScopeId(3): Some(ScopeId(2))
rebuilt        : ScopeId(6): Some(ScopeId(5))

semantic Error: tasks/coverage/test262/test/language/statements/for-of/head-await-using-bound-names-fordecl-tdz.js
Symbol reference IDs mismatch for "x":
after transform: SymbolId(0): []
rebuilt        : SymbolId(2): [ReferenceId(9)]
Symbol reference IDs mismatch for "x":
after transform: SymbolId(1): [ReferenceId(4)]
rebuilt        : SymbolId(5): []
Reference symbol mismatch for "x":
after transform: SymbolId(1) "x"
rebuilt        : SymbolId(2) "x"

semantic Error: tasks/coverage/test262/test/language/statements/for-of/head-using-bound-names-fordecl-tdz.js
Symbol reference IDs mismatch for "x":
after transform: SymbolId(0): []
rebuilt        : SymbolId(1): [ReferenceId(4)]
Symbol reference IDs mismatch for "x":
after transform: SymbolId(1): [ReferenceId(3)]
rebuilt        : SymbolId(4): []
Reference symbol mismatch for "x":
after transform: SymbolId(1) "x"
rebuilt        : SymbolId(1) "x"

